vseomethod_rows=0
reposrc_rows=11
INC=ZCL_MULT_TABLE================CCDEF
INC=ZCL_MULT_TABLE================CCIMP
INC=ZCL_MULT_TABLE================CCMAC
INC=ZCL_MULT_TABLE================CI
INC=ZCL_MULT_TABLE================CI
INC=ZCL_MULT_TABLE================CO
INC=ZCL_MULT_TABLE================CP
INC=ZCL_MULT_TABLE================CP
INC=ZCL_MULT_TABLE================CS
INC=ZCL_MULT_TABLE================CT
INC=ZCL_MULT_TABLE================CU
cp_rc=0 cp_lines=17
CP: CLASS zcl_mult_table DEFINITION PUBLIC FINAL.
CP: PUBLIC SECTION.
CP: TYPES: BEGIN OF ty_row,
CP: a TYPE i,
CP: b TYPE i,
CP: p TYPE i,
CP: END OF ty_row,
CP: tt_rows TYPE STANDARD TABLE OF ty_row WITH DEFAULT KEY.
CP: METHODS:
CP: multiply
CP: IMPORTING iv_a TYPE i
CP: iv_b TYPE i
CP: RETURNING VALUE(rv_prod) TYPE i,
CP: build_table
CP: IMPORTING iv_size TYPE i DEFAULT 10
CP: RETURNING VALUE(rt_rows) TYPE tt_rows.
CP: ENDCLASS.
