seo_class_fms=71
FM=SEO_CLASS_ACTIVATE
FM=SEO_CLASS_ADD_COMPONENTS
FM=SEO_CLASS_ALL_IMPLEMENTG_GET
FM=SEO_CLASS_ANALYSE_SECTIONS
FM=SEO_CLASS_CALL_EDITOR
FM=SEO_CLASS_CHANGE_DEFINITION
FM=SEO_CLASS_CHANGE_F_DATA
FM=SEO_CLASS_CHANGE_PACKAGE_OTR
FM=SEO_CLASS_CHECK_CCINCL
FM=SEO_CLASS_CHECK_CLASSPOOL
FM=SEO_CLASS_CHECK_INCLUDE
FM=SEO_CLASS_CHECK_INCLUDE_SYNTAX
FM=SEO_CLASS_CLEAN_TMDIR
FM=SEO_CLASS_CLEAR_SECTION
FM=SEO_CLASS_COMPL_TYPESRC_LARGE
FM=SEO_CLASS_COPY
FM=SEO_CLASS_COPY_INCLUDE
FM=SEO_CLASS_CREATE
FM=SEO_CLASS_CREATE_COMPLETE
FM=SEO_CLASS_CREATE_F_DATA
FM=SEO_CLASS_CREATE_LOCAL_TYPES
FM=SEO_CLASS_CREATE_REDEFINITIONS
FM=SEO_CLASS_CREATE_SOURCE
FM=SEO_CLASS_DELETE
FM=SEO_CLASS_DELETE_CLASSPOOL
FM=SEO_CLASS_DELETE_COMPLETE
FM=SEO_CLASS_DELETE_COMPONENTS
FM=SEO_CLASS_DELETE_GARBAGE
FM=SEO_CLASS_DELETE_INCL_ACTIVE
FM=SEO_CLASS_DELETE_W_DEPS
FM=SEO_CLASS_DISPLAY_IN_TOOL
FM=SEO_CLASS_EQUALIZE_TMDIR
FM=SEO_CLASS_EXISTENCE_CHECK
FM=SEO_CLASS_GENERATE_CLASSPOOL
FM=SEO_CLASS_GENERATE_LOAD
FM=SEO_CLASS_GENERATE_LOCALS
FM=SEO_CLASS_GENERATE_SECTIONS
FM=SEO_CLASS_GENERATE_SOURCES
FM=SEO_CLASS_GENERATE_SRCONLY
FM=SEO_CLASS_GET
FM=SEO_CLASS_GET_ALL_SUBS
FM=SEO_CLASS_GET_ATTRIBUTE_SOURCE
FM=SEO_CLASS_GET_CINC_NAME
FM=SEO_CLASS_GET_CL_NAME
FM=SEO_CLASS_GET_CP_NAME
FM=SEO_CLASS_GET_EXT_BY_INCLUDE
FM=SEO_CLASS_GET_INCLUDE_BY_NAME
FM=SEO_CLASS_GET_INCLUDE_SOURCE
FM=SEO_CLASS_GET_METHOD_INCLUDES
FM=SEO_CLASS_GET_NAME_BY_INCLUDE
FM=SEO_CLASS_GET_TYPE_SOURCE
FM=SEO_CLASS_INHERITANCE_PATH_GET
FM=SEO_CLASS_INSERT_SECTION
FM=SEO_CLASS_LIB_INTROSPECTION
FM=SEO_CLASS_MIGRATE_LOCALS
FM=SEO_CLASS_MODIFY
FM=SEO_CLASS_MULTIPLE_EXIST_CHECK
FM=SEO_CLASS_READ
FM=SEO_CLASS_REDEFINITIONS_GET
FM=SEO_CLASS_REPAIR_CLASSPOOL
FM=SEO_CLASS_REPAIR_CP_BY_INTERF
FM=SEO_CLASS_RESET_INACTIVE
FM=SEO_CLASS_RESET_LOCALS
FM=SEO_CLASS_RESOLVE_IMPLEMENTGS
FM=SEO_CLASS_RESOLVE_IMPS_BY_INH
FM=SEO_CLASS_RESOLVE_INHERITANCE
FM=SEO_CLASS_TWE_CALL
FM=SEO_CLASS_TYPEINFO_BY_VIS
FM=SEO_CLASS_TYPEINFO_GET
FM=SEO_CLASS_UNICODE_FLAG_SET
FM=SEO_CLASS_UPDATE_SECTIONS
