CLS_M=IF_PACKAGE_FACTORY~BULK_LOAD_LIST_OF_PACKAGES
CLS_M=IF_PACKAGE_FACTORY~BULK_LOAD_LIST_OF_PKG_INTERF
CLS_M=IF_PACKAGE_FACTORY~BULK_LOAD_MAIN_PACKAGES
CLS_M=IF_PACKAGE_FACTORY~BULK_LOAD_ROOT_PACKAGES
CLS_M=IF_PACKAGE_FACTORY~BULK_LOAD_SELECTED_PACKAGES
CLS_M=IF_PACKAGE_FACTORY~BULK_LOAD_SEL_PKG_INTERF
CLS_M=IF_PACKAGE_FACTORY~CREATE_NEW_PACKAGE
CLS_M=IF_PACKAGE_FACTORY~CREATE_NEW_PKG_INTERFACE
CLS_M=IF_PACKAGE_FACTORY~INITIALIZE
CLS_M=IF_PACKAGE_FACTORY~LOAD_PACKAGE
CLS_M=IF_PACKAGE_FACTORY~LOAD_PACKAGE_INTERFACE
CLS_M=BULK_LOAD_LIST_OF_PACKAGES
CLS_M=BULK_LOAD_LIST_OF_PKG_INTERF
CLS_M=BULK_LOAD_MAIN_PACKAGES
CLS_M=BULK_LOAD_ROOT_PACKAGES
CLS_M=BULK_LOAD_SELECTED_PACKAGES
CLS_M=BULK_LOAD_SEL_PKG_INTERF
CLS_M=CLASS_CONSTRUCTOR
CLS_M=CREATE_NEW_PACKAGE
  P= I_REUSE_DELETED_OBJECT KIND= 
  P= I_SUPPRESS_DIALOG KIND= 
  P= E_PACKAGE KIND= 
  P= C_PACKAGE_DATA KIND= 
CLS_M=CREATE_NEW_PKG_INTERFACE
CLS_M=DECIDE_FORWARD_USE_ACC_ALLOWED
CLS_M=INITIALIZE
CLS_M=LOAD_PACKAGE
CLS_M=LOAD_PACKAGE_INTERFACE
IF_M=GET_CHANGEABLE
  P= E_CHANGEABLE KIND= 
IF_M=SAVE
  P= I_TRANSPORT_REQUEST KIND= 
  P= I_SUPPRESS_DIALOG KIND= 
  P= E_TRANSPORT_REQUEST KIND= 
IF_M=SET_CHANGEABLE
  P= I_CHANGEABLE KIND= 
  P= I_SUPPRESS_DIALOG KIND= 
IF_M=SET_PERMISSIONS_CHANGEABLE
  P= I_CHANGEABLE KIND= 
  P= I_SUPPRESS_DIALOG KIND= 
  P= I_SUPPRESS_LANGUAGE_CHECK KIND= 
  P= E_DELETED_PERMISSIONS KIND= 
